  0:  OK

->list_users
  1:  OK
  There are no users registered in the system yet.

->list_groups
  2:  OK
  There are no groups registered in the system yet.

->add_user(1,"Joe")
  3:  OK
  Users:
      1->Joe
  Groups:
  Registrations:
  All messages:
  New messages:
  Old/read messages:

->add_user(2,"Dan")
  4:  OK
  Users:
      1->Joe
      2->Dan
  Groups:
  Registrations:
  All messages:
  New messages:
  Old/read messages:

->add_user(3,"Bob")
  5:  OK
  Users:
      1->Joe
      2->Dan
      3->Bob
  Groups:
  Registrations:
  All messages:
  New messages:
  Old/read messages:

->add_group(1,"Friends")
  6:  OK
  Users:
      1->Joe
      2->Dan
      3->Bob
  Groups:
      1->Friends
  Registrations:
  All messages:
  New messages:
  Old/read messages:

->add_group(2,"Classmates")
  7:  OK
  Users:
      1->Joe
      2->Dan
      3->Bob
  Groups:
      1->Friends
      2->Classmates
  Registrations:
  All messages:
  New messages:
  Old/read messages:

->register_user(1, 1)
  8:  OK
  Users:
      1->Joe
      2->Dan
      3->Bob
  Groups:
      1->Friends
      2->Classmates
  Registrations:
      [1, Joe]->{1->Friends}
  All messages:
  New messages:
  Old/read messages:

->register_user(2, 1)
  9:  OK
  Users:
      1->Joe
      2->Dan
      3->Bob
  Groups:
      1->Friends
      2->Classmates
  Registrations:
      [1, Joe]->{1->Friends}
      [2, Dan]->{1->Friends}
  All messages:
  New messages:
  Old/read messages:

->register_user(1, 2)
  10:  OK
  Users:
      1->Joe
      2->Dan
      3->Bob
  Groups:
      1->Friends
      2->Classmates
  Registrations:
      [1, Joe]->{1->Friends, 2->Classmates}
      [2, Dan]->{1->Friends}
  All messages:
  New messages:
  Old/read messages:

->register_user(3, 2)
  11:  OK
  Users:
      1->Joe
      2->Dan
      3->Bob
  Groups:
      1->Friends
      2->Classmates
  Registrations:
      [1, Joe]->{1->Friends, 2->Classmates}
      [2, Dan]->{1->Friends}
      [3, Bob]->{2->Classmates}
  All messages:
  New messages:
  Old/read messages:

->send_message(1, 2,"Hello")
  12:  OK
  Users:
      1->Joe
      2->Dan
      3->Bob
  Groups:
      1->Friends
      2->Classmates
  Registrations:
      [1, Joe]->{1->Friends, 2->Classmates}
      [2, Dan]->{1->Friends}
      [3, Bob]->{2->Classmates}
  All messages:
      1->Hello
  New messages:
      [3, Bob]->{1}
  Old/read messages:

->send_message(1, 1,"HI")
  13:  OK
  Users:
      1->Joe
      2->Dan
      3->Bob
  Groups:
      1->Friends
      2->Classmates
  Registrations:
      [1, Joe]->{1->Friends, 2->Classmates}
      [2, Dan]->{1->Friends}
      [3, Bob]->{2->Classmates}
  All messages:
      1->Hello
      2->HI
  New messages:
      [2, Dan]->{2}
      [3, Bob]->{1}
  Old/read messages:

->send_message(-1, 1,"aasdf")
  14:  ERROR 
  ID must be a positive integer.

->send_message(1, -5,"aasdf")
  15:  ERROR 
  ID must be a positive integer.

->send_message(-5, -5,"aasdf")
  16:  ERROR 
  ID must be a positive integer.

->send_message(-5, -5,"")
  17:  ERROR 
  ID must be a positive integer.

->send_message(2, 1,"")
  18:  ERROR 
  A message may not be an empty string.

->send_message(5, 1,"aasdf")
  19:  ERROR 
  User with this ID does not exist.

->send_message(1, 5,"aasdf")
  20:  ERROR 
  Group with this ID does not exist.

->send_message(5, 1,"")
  21:  ERROR 
  User with this ID does not exist.

->send_message(1, 5,"")
  22:  ERROR 
  Group with this ID does not exist.

->send_message(2, 2,"Wont work")
  23:  ERROR 
  User not authorized to send messages to the specified group.

->send_message(3, 1,"Neither will this")
  24:  ERROR 
  User not authorized to send messages to the specified group.

->send_message(3, 1,"")
  25:  ERROR 
  A message may not be an empty string.

->list_users
  26:  OK
  3->Bob
  2->Dan
  1->Joe

->list_groups
  27:  OK
  2->Classmates
  1->Friends

